True
15
384 1 2 3 4 5 6 137 12 15 272 209 273 53 188 
