True
15
1 2 3 4 388 5 6 9 137 14 47 16 273 20 184 
