True
22
1 2 3 4 5 101 6 7 103 199 8 104 9 105 108 13 109 47 181 184 186 190 
